// Jest Snapshot v1, https://goo.gl/fbAQLP

exports[`Entry component should render entry propery 1`] = `
ShallowWrapper {
  Symbol(enzyme.__root__): [Circular],
  Symbol(enzyme.__unrendered__): <Entry
    date="12/12/2018"
    delete={[MockFunction]}
    diaryBody="Lorem ipsum dolor sit amet consectetur, adipisicing elit. Perspiciatis commodi, hic esse necessitatibus inventore illo debitis error nesciunt officia earum. Optio totam, sapiente "
    entry_id={1}
    title="Title 1"
  />,
  Symbol(enzyme.__renderer__): Object {
    "batchedUpdates": [Function],
    "getNode": [Function],
    "render": [Function],
    "simulateError": [Function],
    "simulateEvent": [Function],
    "unmount": [Function],
  },
  Symbol(enzyme.__node__): Object {
    "instance": null,
    "key": undefined,
    "nodeType": "function",
    "props": Object {
      "children": <div
        className="DiaryCard"
      >
        <div
          className="DiaryCardHeader"
        >
          <a
            href="/Entry/1"
          >
            <h2 />
          </a>
          <h3>
            Diary date: 
            12/12/2018
             
          </h3>
        </div>
        <div
          className="DiaryCardBody"
        />
        <div
          className="DiaryCardButtons"
        >
          <button
            onClick={[Function]}
          >
            Edit
          </button>
          <button
            onClick={[Function]}
          >
            Delete
          </button>
        </div>
      </div>,
    },
    "ref": null,
    "rendered": Object {
      "instance": null,
      "key": undefined,
      "nodeType": "host",
      "props": Object {
        "children": Array [
          <div
            className="DiaryCardHeader"
          >
            <a
              href="/Entry/1"
            >
              <h2 />
            </a>
            <h3>
              Diary date: 
              12/12/2018
               
            </h3>
          </div>,
          <div
            className="DiaryCardBody"
          />,
          <div
            className="DiaryCardButtons"
          >
            <button
              onClick={[Function]}
            >
              Edit
            </button>
            <button
              onClick={[Function]}
            >
              Delete
            </button>
          </div>,
        ],
        "className": "DiaryCard",
      },
      "ref": null,
      "rendered": Array [
        Object {
          "instance": null,
          "key": undefined,
          "nodeType": "host",
          "props": Object {
            "children": Array [
              <a
                href="/Entry/1"
              >
                <h2 />
              </a>,
              <h3>
                Diary date: 
                12/12/2018
                 
              </h3>,
            ],
            "className": "DiaryCardHeader",
          },
          "ref": null,
          "rendered": Array [
            Object {
              "instance": null,
              "key": undefined,
              "nodeType": "host",
              "props": Object {
                "children": <h2 />,
                "href": "/Entry/1",
              },
              "ref": null,
              "rendered": Object {
                "instance": null,
                "key": undefined,
                "nodeType": "host",
                "props": Object {
                  "children": undefined,
                },
                "ref": null,
                "rendered": null,
                "type": "h2",
              },
              "type": "a",
            },
            Object {
              "instance": null,
              "key": undefined,
              "nodeType": "host",
              "props": Object {
                "children": Array [
                  "Diary date: ",
                  "12/12/2018",
                  " ",
                ],
              },
              "ref": null,
              "rendered": Array [
                "Diary date: ",
                "12/12/2018",
                " ",
              ],
              "type": "h3",
            },
          ],
          "type": "div",
        },
        Object {
          "instance": null,
          "key": undefined,
          "nodeType": "host",
          "props": Object {
            "children": undefined,
            "className": "DiaryCardBody",
          },
          "ref": null,
          "rendered": null,
          "type": "div",
        },
        Object {
          "instance": null,
          "key": undefined,
          "nodeType": "host",
          "props": Object {
            "children": Array [
              <button
                onClick={[Function]}
              >
                Edit
              </button>,
              <button
                onClick={[Function]}
              >
                Delete
              </button>,
            ],
            "className": "DiaryCardButtons",
          },
          "ref": null,
          "rendered": Array [
            Object {
              "instance": null,
              "key": undefined,
              "nodeType": "host",
              "props": Object {
                "children": "Edit",
                "onClick": [Function],
              },
              "ref": null,
              "rendered": "Edit",
              "type": "button",
            },
            Object {
              "instance": null,
              "key": undefined,
              "nodeType": "host",
              "props": Object {
                "children": "Delete",
                "onClick": [Function],
              },
              "ref": null,
              "rendered": "Delete",
              "type": "button",
            },
          ],
          "type": "div",
        },
      ],
      "type": "div",
    },
    "type": Symbol(react.fragment),
  },
  Symbol(enzyme.__nodes__): Array [
    Object {
      "instance": null,
      "key": undefined,
      "nodeType": "function",
      "props": Object {
        "children": <div
          className="DiaryCard"
        >
          <div
            className="DiaryCardHeader"
          >
            <a
              href="/Entry/1"
            >
              <h2 />
            </a>
            <h3>
              Diary date: 
              12/12/2018
               
            </h3>
          </div>
          <div
            className="DiaryCardBody"
          />
          <div
            className="DiaryCardButtons"
          >
            <button
              onClick={[Function]}
            >
              Edit
            </button>
            <button
              onClick={[Function]}
            >
              Delete
            </button>
          </div>
        </div>,
      },
      "ref": null,
      "rendered": Object {
        "instance": null,
        "key": undefined,
        "nodeType": "host",
        "props": Object {
          "children": Array [
            <div
              className="DiaryCardHeader"
            >
              <a
                href="/Entry/1"
              >
                <h2 />
              </a>
              <h3>
                Diary date: 
                12/12/2018
                 
              </h3>
            </div>,
            <div
              className="DiaryCardBody"
            />,
            <div
              className="DiaryCardButtons"
            >
              <button
                onClick={[Function]}
              >
                Edit
              </button>
              <button
                onClick={[Function]}
              >
                Delete
              </button>
            </div>,
          ],
          "className": "DiaryCard",
        },
        "ref": null,
        "rendered": Array [
          Object {
            "instance": null,
            "key": undefined,
            "nodeType": "host",
            "props": Object {
              "children": Array [
                <a
                  href="/Entry/1"
                >
                  <h2 />
                </a>,
                <h3>
                  Diary date: 
                  12/12/2018
                   
                </h3>,
              ],
              "className": "DiaryCardHeader",
            },
            "ref": null,
            "rendered": Array [
              Object {
                "instance": null,
                "key": undefined,
                "nodeType": "host",
                "props": Object {
                  "children": <h2 />,
                  "href": "/Entry/1",
                },
                "ref": null,
                "rendered": Object {
                  "instance": null,
                  "key": undefined,
                  "nodeType": "host",
                  "props": Object {
                    "children": undefined,
                  },
                  "ref": null,
                  "rendered": null,
                  "type": "h2",
                },
                "type": "a",
              },
              Object {
                "instance": null,
                "key": undefined,
                "nodeType": "host",
                "props": Object {
                  "children": Array [
                    "Diary date: ",
                    "12/12/2018",
                    " ",
                  ],
                },
                "ref": null,
                "rendered": Array [
                  "Diary date: ",
                  "12/12/2018",
                  " ",
                ],
                "type": "h3",
              },
            ],
            "type": "div",
          },
          Object {
            "instance": null,
            "key": undefined,
            "nodeType": "host",
            "props": Object {
              "children": undefined,
              "className": "DiaryCardBody",
            },
            "ref": null,
            "rendered": null,
            "type": "div",
          },
          Object {
            "instance": null,
            "key": undefined,
            "nodeType": "host",
            "props": Object {
              "children": Array [
                <button
                  onClick={[Function]}
                >
                  Edit
                </button>,
                <button
                  onClick={[Function]}
                >
                  Delete
                </button>,
              ],
              "className": "DiaryCardButtons",
            },
            "ref": null,
            "rendered": Array [
              Object {
                "instance": null,
                "key": undefined,
                "nodeType": "host",
                "props": Object {
                  "children": "Edit",
                  "onClick": [Function],
                },
                "ref": null,
                "rendered": "Edit",
                "type": "button",
              },
              Object {
                "instance": null,
                "key": undefined,
                "nodeType": "host",
                "props": Object {
                  "children": "Delete",
                  "onClick": [Function],
                },
                "ref": null,
                "rendered": "Delete",
                "type": "button",
              },
            ],
            "type": "div",
          },
        ],
        "type": "div",
      },
      "type": Symbol(react.fragment),
    },
  ],
  Symbol(enzyme.__options__): Object {
    "adapter": ReactSixteenAdapter {
      "options": Object {
        "enableComponentDidUpdateOnSetState": true,
        "lifecycles": Object {
          "componentDidUpdate": Object {
            "onSetState": true,
          },
          "getDerivedStateFromProps": true,
          "getSnapshotBeforeUpdate": true,
          "setState": Object {
            "skipsComponentDidUpdateOnNullish": true,
          },
        },
      },
    },
  },
}
`;
