// Jest Snapshot v1, https://goo.gl/fbAQLP

exports[`Render navigation bar should render the navbar corrextly 1`] = `
ShallowWrapper {
  Symbol(enzyme.__root__): [Circular],
  Symbol(enzyme.__unrendered__): <NavigationBar />,
  Symbol(enzyme.__renderer__): Object {
    "batchedUpdates": [Function],
    "getNode": [Function],
    "render": [Function],
    "simulateError": [Function],
    "simulateEvent": [Function],
    "unmount": [Function],
  },
  Symbol(enzyme.__node__): Object {
    "instance": null,
    "key": undefined,
    "nodeType": "function",
    "props": Object {
      "children": <Navbar
        color="primary"
        expand="md"
        light={true}
        tag="nav"
      >
        <NavbarBrand
          href="/home"
          tag="a"
        >
          My Diary
        </NavbarBrand>
        <NavbarToggler
          onClick={[Function]}
          tag="button"
          type="button"
        />
        <Collapse
          appear={false}
          enter={true}
          exit={true}
          in={false}
          isOpen={false}
          mountOnEnter={false}
          navbar={true}
          onEnter={[Function]}
          onEntered={[Function]}
          onEntering={[Function]}
          onExit={[Function]}
          onExited={[Function]}
          onExiting={[Function]}
          tag="div"
          timeout={350}
          unmountOnExit={false}
        >
          <Nav
            className="ml-auto"
            hidden={false}
            navbar={true}
            tag="ul"
            vertical={false}
          >
            <NavItem
              tag="li"
            >
              <NavLink
                href="/home"
                tag="a"
              >
                Home
              </NavLink>
            </NavItem>
            <NavItem
              tag="li"
            >
              <NavLink
                href="/addEntry"
                tag="a"
              >
                Create Journel
              </NavLink>
            </NavItem>
            <NavItem
              tag="li"
            >
              <NavLink
                href="/"
                onClick={[Function]}
                tag="a"
              >
                Logout
              </NavLink>
            </NavItem>
          </Nav>
        </Collapse>
      </Navbar>,
    },
    "ref": null,
    "rendered": Object {
      "instance": null,
      "key": undefined,
      "nodeType": "function",
      "props": Object {
        "children": Array [
          <NavbarBrand
            href="/home"
            tag="a"
          >
            My Diary
          </NavbarBrand>,
          <NavbarToggler
            onClick={[Function]}
            tag="button"
            type="button"
          />,
          <Collapse
            appear={false}
            enter={true}
            exit={true}
            in={false}
            isOpen={false}
            mountOnEnter={false}
            navbar={true}
            onEnter={[Function]}
            onEntered={[Function]}
            onEntering={[Function]}
            onExit={[Function]}
            onExited={[Function]}
            onExiting={[Function]}
            tag="div"
            timeout={350}
            unmountOnExit={false}
          >
            <Nav
              className="ml-auto"
              hidden={false}
              navbar={true}
              tag="ul"
              vertical={false}
            >
              <NavItem
                tag="li"
              >
                <NavLink
                  href="/home"
                  tag="a"
                >
                  Home
                </NavLink>
              </NavItem>
              <NavItem
                tag="li"
              >
                <NavLink
                  href="/addEntry"
                  tag="a"
                >
                  Create Journel
                </NavLink>
              </NavItem>
              <NavItem
                tag="li"
              >
                <NavLink
                  href="/"
                  onClick={[Function]}
                  tag="a"
                >
                  Logout
                </NavLink>
              </NavItem>
            </Nav>
          </Collapse>,
        ],
        "color": "primary",
        "expand": "md",
        "light": true,
        "tag": "nav",
      },
      "ref": null,
      "rendered": Array [
        Object {
          "instance": null,
          "key": undefined,
          "nodeType": "function",
          "props": Object {
            "children": "My Diary",
            "href": "/home",
            "tag": "a",
          },
          "ref": null,
          "rendered": "My Diary",
          "type": [Function],
        },
        Object {
          "instance": null,
          "key": undefined,
          "nodeType": "function",
          "props": Object {
            "onClick": [Function],
            "tag": "button",
            "type": "button",
          },
          "ref": null,
          "rendered": null,
          "type": [Function],
        },
        Object {
          "instance": null,
          "key": undefined,
          "nodeType": "class",
          "props": Object {
            "appear": false,
            "children": <Nav
              className="ml-auto"
              hidden={false}
              navbar={true}
              tag="ul"
              vertical={false}
            >
              <NavItem
                tag="li"
              >
                <NavLink
                  href="/home"
                  tag="a"
                >
                  Home
                </NavLink>
              </NavItem>
              <NavItem
                tag="li"
              >
                <NavLink
                  href="/addEntry"
                  tag="a"
                >
                  Create Journel
                </NavLink>
              </NavItem>
              <NavItem
                tag="li"
              >
                <NavLink
                  href="/"
                  onClick={[Function]}
                  tag="a"
                >
                  Logout
                </NavLink>
              </NavItem>
            </Nav>,
            "enter": true,
            "exit": true,
            "in": false,
            "isOpen": false,
            "mountOnEnter": false,
            "navbar": true,
            "onEnter": [Function],
            "onEntered": [Function],
            "onEntering": [Function],
            "onExit": [Function],
            "onExited": [Function],
            "onExiting": [Function],
            "tag": "div",
            "timeout": 350,
            "unmountOnExit": false,
          },
          "ref": null,
          "rendered": Object {
            "instance": null,
            "key": undefined,
            "nodeType": "function",
            "props": Object {
              "children": Array [
                <NavItem
                  tag="li"
                >
                  <NavLink
                    href="/home"
                    tag="a"
                  >
                    Home
                  </NavLink>
                </NavItem>,
                <NavItem
                  tag="li"
                >
                  <NavLink
                    href="/addEntry"
                    tag="a"
                  >
                    Create Journel
                  </NavLink>
                </NavItem>,
                <NavItem
                  tag="li"
                >
                  <NavLink
                    href="/"
                    onClick={[Function]}
                    tag="a"
                  >
                    Logout
                  </NavLink>
                </NavItem>,
              ],
              "className": "ml-auto",
              "hidden": false,
              "navbar": true,
              "tag": "ul",
              "vertical": false,
            },
            "ref": null,
            "rendered": Array [
              Object {
                "instance": null,
                "key": undefined,
                "nodeType": "function",
                "props": Object {
                  "children": <NavLink
                    href="/home"
                    tag="a"
                  >
                    Home
                  </NavLink>,
                  "tag": "li",
                },
                "ref": null,
                "rendered": Object {
                  "instance": null,
                  "key": undefined,
                  "nodeType": "class",
                  "props": Object {
                    "children": "Home",
                    "href": "/home",
                    "tag": "a",
                  },
                  "ref": null,
                  "rendered": "Home",
                  "type": [Function],
                },
                "type": [Function],
              },
              Object {
                "instance": null,
                "key": undefined,
                "nodeType": "function",
                "props": Object {
                  "children": <NavLink
                    href="/addEntry"
                    tag="a"
                  >
                    Create Journel
                  </NavLink>,
                  "tag": "li",
                },
                "ref": null,
                "rendered": Object {
                  "instance": null,
                  "key": undefined,
                  "nodeType": "class",
                  "props": Object {
                    "children": "Create Journel",
                    "href": "/addEntry",
                    "tag": "a",
                  },
                  "ref": null,
                  "rendered": "Create Journel",
                  "type": [Function],
                },
                "type": [Function],
              },
              Object {
                "instance": null,
                "key": undefined,
                "nodeType": "function",
                "props": Object {
                  "children": <NavLink
                    href="/"
                    onClick={[Function]}
                    tag="a"
                  >
                    Logout
                  </NavLink>,
                  "tag": "li",
                },
                "ref": null,
                "rendered": Object {
                  "instance": null,
                  "key": undefined,
                  "nodeType": "class",
                  "props": Object {
                    "children": "Logout",
                    "href": "/",
                    "onClick": [Function],
                    "tag": "a",
                  },
                  "ref": null,
                  "rendered": "Logout",
                  "type": [Function],
                },
                "type": [Function],
              },
            ],
            "type": [Function],
          },
          "type": [Function],
        },
      ],
      "type": [Function],
    },
    "type": Symbol(react.fragment),
  },
  Symbol(enzyme.__nodes__): Array [
    Object {
      "instance": null,
      "key": undefined,
      "nodeType": "function",
      "props": Object {
        "children": <Navbar
          color="primary"
          expand="md"
          light={true}
          tag="nav"
        >
          <NavbarBrand
            href="/home"
            tag="a"
          >
            My Diary
          </NavbarBrand>
          <NavbarToggler
            onClick={[Function]}
            tag="button"
            type="button"
          />
          <Collapse
            appear={false}
            enter={true}
            exit={true}
            in={false}
            isOpen={false}
            mountOnEnter={false}
            navbar={true}
            onEnter={[Function]}
            onEntered={[Function]}
            onEntering={[Function]}
            onExit={[Function]}
            onExited={[Function]}
            onExiting={[Function]}
            tag="div"
            timeout={350}
            unmountOnExit={false}
          >
            <Nav
              className="ml-auto"
              hidden={false}
              navbar={true}
              tag="ul"
              vertical={false}
            >
              <NavItem
                tag="li"
              >
                <NavLink
                  href="/home"
                  tag="a"
                >
                  Home
                </NavLink>
              </NavItem>
              <NavItem
                tag="li"
              >
                <NavLink
                  href="/addEntry"
                  tag="a"
                >
                  Create Journel
                </NavLink>
              </NavItem>
              <NavItem
                tag="li"
              >
                <NavLink
                  href="/"
                  onClick={[Function]}
                  tag="a"
                >
                  Logout
                </NavLink>
              </NavItem>
            </Nav>
          </Collapse>
        </Navbar>,
      },
      "ref": null,
      "rendered": Object {
        "instance": null,
        "key": undefined,
        "nodeType": "function",
        "props": Object {
          "children": Array [
            <NavbarBrand
              href="/home"
              tag="a"
            >
              My Diary
            </NavbarBrand>,
            <NavbarToggler
              onClick={[Function]}
              tag="button"
              type="button"
            />,
            <Collapse
              appear={false}
              enter={true}
              exit={true}
              in={false}
              isOpen={false}
              mountOnEnter={false}
              navbar={true}
              onEnter={[Function]}
              onEntered={[Function]}
              onEntering={[Function]}
              onExit={[Function]}
              onExited={[Function]}
              onExiting={[Function]}
              tag="div"
              timeout={350}
              unmountOnExit={false}
            >
              <Nav
                className="ml-auto"
                hidden={false}
                navbar={true}
                tag="ul"
                vertical={false}
              >
                <NavItem
                  tag="li"
                >
                  <NavLink
                    href="/home"
                    tag="a"
                  >
                    Home
                  </NavLink>
                </NavItem>
                <NavItem
                  tag="li"
                >
                  <NavLink
                    href="/addEntry"
                    tag="a"
                  >
                    Create Journel
                  </NavLink>
                </NavItem>
                <NavItem
                  tag="li"
                >
                  <NavLink
                    href="/"
                    onClick={[Function]}
                    tag="a"
                  >
                    Logout
                  </NavLink>
                </NavItem>
              </Nav>
            </Collapse>,
          ],
          "color": "primary",
          "expand": "md",
          "light": true,
          "tag": "nav",
        },
        "ref": null,
        "rendered": Array [
          Object {
            "instance": null,
            "key": undefined,
            "nodeType": "function",
            "props": Object {
              "children": "My Diary",
              "href": "/home",
              "tag": "a",
            },
            "ref": null,
            "rendered": "My Diary",
            "type": [Function],
          },
          Object {
            "instance": null,
            "key": undefined,
            "nodeType": "function",
            "props": Object {
              "onClick": [Function],
              "tag": "button",
              "type": "button",
            },
            "ref": null,
            "rendered": null,
            "type": [Function],
          },
          Object {
            "instance": null,
            "key": undefined,
            "nodeType": "class",
            "props": Object {
              "appear": false,
              "children": <Nav
                className="ml-auto"
                hidden={false}
                navbar={true}
                tag="ul"
                vertical={false}
              >
                <NavItem
                  tag="li"
                >
                  <NavLink
                    href="/home"
                    tag="a"
                  >
                    Home
                  </NavLink>
                </NavItem>
                <NavItem
                  tag="li"
                >
                  <NavLink
                    href="/addEntry"
                    tag="a"
                  >
                    Create Journel
                  </NavLink>
                </NavItem>
                <NavItem
                  tag="li"
                >
                  <NavLink
                    href="/"
                    onClick={[Function]}
                    tag="a"
                  >
                    Logout
                  </NavLink>
                </NavItem>
              </Nav>,
              "enter": true,
              "exit": true,
              "in": false,
              "isOpen": false,
              "mountOnEnter": false,
              "navbar": true,
              "onEnter": [Function],
              "onEntered": [Function],
              "onEntering": [Function],
              "onExit": [Function],
              "onExited": [Function],
              "onExiting": [Function],
              "tag": "div",
              "timeout": 350,
              "unmountOnExit": false,
            },
            "ref": null,
            "rendered": Object {
              "instance": null,
              "key": undefined,
              "nodeType": "function",
              "props": Object {
                "children": Array [
                  <NavItem
                    tag="li"
                  >
                    <NavLink
                      href="/home"
                      tag="a"
                    >
                      Home
                    </NavLink>
                  </NavItem>,
                  <NavItem
                    tag="li"
                  >
                    <NavLink
                      href="/addEntry"
                      tag="a"
                    >
                      Create Journel
                    </NavLink>
                  </NavItem>,
                  <NavItem
                    tag="li"
                  >
                    <NavLink
                      href="/"
                      onClick={[Function]}
                      tag="a"
                    >
                      Logout
                    </NavLink>
                  </NavItem>,
                ],
                "className": "ml-auto",
                "hidden": false,
                "navbar": true,
                "tag": "ul",
                "vertical": false,
              },
              "ref": null,
              "rendered": Array [
                Object {
                  "instance": null,
                  "key": undefined,
                  "nodeType": "function",
                  "props": Object {
                    "children": <NavLink
                      href="/home"
                      tag="a"
                    >
                      Home
                    </NavLink>,
                    "tag": "li",
                  },
                  "ref": null,
                  "rendered": Object {
                    "instance": null,
                    "key": undefined,
                    "nodeType": "class",
                    "props": Object {
                      "children": "Home",
                      "href": "/home",
                      "tag": "a",
                    },
                    "ref": null,
                    "rendered": "Home",
                    "type": [Function],
                  },
                  "type": [Function],
                },
                Object {
                  "instance": null,
                  "key": undefined,
                  "nodeType": "function",
                  "props": Object {
                    "children": <NavLink
                      href="/addEntry"
                      tag="a"
                    >
                      Create Journel
                    </NavLink>,
                    "tag": "li",
                  },
                  "ref": null,
                  "rendered": Object {
                    "instance": null,
                    "key": undefined,
                    "nodeType": "class",
                    "props": Object {
                      "children": "Create Journel",
                      "href": "/addEntry",
                      "tag": "a",
                    },
                    "ref": null,
                    "rendered": "Create Journel",
                    "type": [Function],
                  },
                  "type": [Function],
                },
                Object {
                  "instance": null,
                  "key": undefined,
                  "nodeType": "function",
                  "props": Object {
                    "children": <NavLink
                      href="/"
                      onClick={[Function]}
                      tag="a"
                    >
                      Logout
                    </NavLink>,
                    "tag": "li",
                  },
                  "ref": null,
                  "rendered": Object {
                    "instance": null,
                    "key": undefined,
                    "nodeType": "class",
                    "props": Object {
                      "children": "Logout",
                      "href": "/",
                      "onClick": [Function],
                      "tag": "a",
                    },
                    "ref": null,
                    "rendered": "Logout",
                    "type": [Function],
                  },
                  "type": [Function],
                },
              ],
              "type": [Function],
            },
            "type": [Function],
          },
        ],
        "type": [Function],
      },
      "type": Symbol(react.fragment),
    },
  ],
  Symbol(enzyme.__options__): Object {
    "adapter": ReactSixteenAdapter {
      "options": Object {
        "enableComponentDidUpdateOnSetState": true,
        "lifecycles": Object {
          "componentDidUpdate": Object {
            "onSetState": true,
          },
          "getDerivedStateFromProps": true,
          "getSnapshotBeforeUpdate": true,
          "setState": Object {
            "skipsComponentDidUpdateOnNullish": true,
          },
        },
      },
    },
  },
}
`;
