// Jest Snapshot v1, https://goo.gl/fbAQLP

exports[`Formbox component should match snapshot 1`] = `
ShallowWrapper {
  Symbol(enzyme.__root__): [Circular],
  Symbol(enzyme.__unrendered__): <FormBox
    HandleInputChange={[MockFunction]}
    ToggleTab={[MockFunction]}
    history={
      Object {
        "push": [MockFunction],
      }
    }
    loginUserAction={[MockFunction]}
    registerUserAction={[MockFunction]}
  />,
  Symbol(enzyme.__renderer__): Object {
    "batchedUpdates": [Function],
    "getNode": [Function],
    "render": [Function],
    "simulateError": [Function],
    "simulateEvent": [Function],
    "unmount": [Function],
  },
  Symbol(enzyme.__node__): Object {
    "instance": null,
    "key": undefined,
    "nodeType": "function",
    "props": Object {
      "children": Array [
        <div
          className="tab-group"
        >
          <div
            className="tab"
            onClick={[Function]}
          >
            <a
              href="#login"
            >
              Log In
            </a>
          </div>
          <div
            className="tab"
            onClick={[Function]}
          >
            <a
              href="#signup"
            >
              Register
            </a>
          </div>
        </div>,
        <div
          className="tab-content"
        >
          <div>
            <LoginForm
              email=""
              name=""
              onChange={[Function]}
              onSubmit={[Function]}
            />
          </div>
          <div />
        </div>,
      ],
    },
    "ref": null,
    "rendered": Array [
      Object {
        "instance": null,
        "key": undefined,
        "nodeType": "host",
        "props": Object {
          "children": Array [
            <div
              className="tab"
              onClick={[Function]}
            >
              <a
                href="#login"
              >
                Log In
              </a>
            </div>,
            <div
              className="tab"
              onClick={[Function]}
            >
              <a
                href="#signup"
              >
                Register
              </a>
            </div>,
          ],
          "className": "tab-group",
        },
        "ref": null,
        "rendered": Array [
          Object {
            "instance": null,
            "key": undefined,
            "nodeType": "host",
            "props": Object {
              "children": <a
                href="#login"
              >
                Log In
              </a>,
              "className": "tab",
              "onClick": [Function],
            },
            "ref": null,
            "rendered": Object {
              "instance": null,
              "key": undefined,
              "nodeType": "host",
              "props": Object {
                "children": "Log In",
                "href": "#login",
              },
              "ref": null,
              "rendered": "Log In",
              "type": "a",
            },
            "type": "div",
          },
          Object {
            "instance": null,
            "key": undefined,
            "nodeType": "host",
            "props": Object {
              "children": <a
                href="#signup"
              >
                Register
              </a>,
              "className": "tab",
              "onClick": [Function],
            },
            "ref": null,
            "rendered": Object {
              "instance": null,
              "key": undefined,
              "nodeType": "host",
              "props": Object {
                "children": "Register",
                "href": "#signup",
              },
              "ref": null,
              "rendered": "Register",
              "type": "a",
            },
            "type": "div",
          },
        ],
        "type": "div",
      },
      Object {
        "instance": null,
        "key": undefined,
        "nodeType": "host",
        "props": Object {
          "children": Array [
            <div>
              <LoginForm
                email=""
                name=""
                onChange={[Function]}
                onSubmit={[Function]}
              />
            </div>,
            <div />,
          ],
          "className": "tab-content",
        },
        "ref": null,
        "rendered": Array [
          Object {
            "instance": null,
            "key": undefined,
            "nodeType": "host",
            "props": Object {
              "children": <LoginForm
                email=""
                name=""
                onChange={[Function]}
                onSubmit={[Function]}
              />,
            },
            "ref": null,
            "rendered": Object {
              "instance": null,
              "key": undefined,
              "nodeType": "function",
              "props": Object {
                "email": "",
                "name": "",
                "onChange": [Function],
                "onSubmit": [Function],
              },
              "ref": null,
              "rendered": null,
              "type": [Function],
            },
            "type": "div",
          },
          Object {
            "instance": null,
            "key": undefined,
            "nodeType": "host",
            "props": Object {},
            "ref": null,
            "rendered": null,
            "type": "div",
          },
        ],
        "type": "div",
      },
    ],
    "type": Symbol(react.fragment),
  },
  Symbol(enzyme.__nodes__): Array [
    Object {
      "instance": null,
      "key": undefined,
      "nodeType": "function",
      "props": Object {
        "children": Array [
          <div
            className="tab-group"
          >
            <div
              className="tab"
              onClick={[Function]}
            >
              <a
                href="#login"
              >
                Log In
              </a>
            </div>
            <div
              className="tab"
              onClick={[Function]}
            >
              <a
                href="#signup"
              >
                Register
              </a>
            </div>
          </div>,
          <div
            className="tab-content"
          >
            <div>
              <LoginForm
                email=""
                name=""
                onChange={[Function]}
                onSubmit={[Function]}
              />
            </div>
            <div />
          </div>,
        ],
      },
      "ref": null,
      "rendered": Array [
        Object {
          "instance": null,
          "key": undefined,
          "nodeType": "host",
          "props": Object {
            "children": Array [
              <div
                className="tab"
                onClick={[Function]}
              >
                <a
                  href="#login"
                >
                  Log In
                </a>
              </div>,
              <div
                className="tab"
                onClick={[Function]}
              >
                <a
                  href="#signup"
                >
                  Register
                </a>
              </div>,
            ],
            "className": "tab-group",
          },
          "ref": null,
          "rendered": Array [
            Object {
              "instance": null,
              "key": undefined,
              "nodeType": "host",
              "props": Object {
                "children": <a
                  href="#login"
                >
                  Log In
                </a>,
                "className": "tab",
                "onClick": [Function],
              },
              "ref": null,
              "rendered": Object {
                "instance": null,
                "key": undefined,
                "nodeType": "host",
                "props": Object {
                  "children": "Log In",
                  "href": "#login",
                },
                "ref": null,
                "rendered": "Log In",
                "type": "a",
              },
              "type": "div",
            },
            Object {
              "instance": null,
              "key": undefined,
              "nodeType": "host",
              "props": Object {
                "children": <a
                  href="#signup"
                >
                  Register
                </a>,
                "className": "tab",
                "onClick": [Function],
              },
              "ref": null,
              "rendered": Object {
                "instance": null,
                "key": undefined,
                "nodeType": "host",
                "props": Object {
                  "children": "Register",
                  "href": "#signup",
                },
                "ref": null,
                "rendered": "Register",
                "type": "a",
              },
              "type": "div",
            },
          ],
          "type": "div",
        },
        Object {
          "instance": null,
          "key": undefined,
          "nodeType": "host",
          "props": Object {
            "children": Array [
              <div>
                <LoginForm
                  email=""
                  name=""
                  onChange={[Function]}
                  onSubmit={[Function]}
                />
              </div>,
              <div />,
            ],
            "className": "tab-content",
          },
          "ref": null,
          "rendered": Array [
            Object {
              "instance": null,
              "key": undefined,
              "nodeType": "host",
              "props": Object {
                "children": <LoginForm
                  email=""
                  name=""
                  onChange={[Function]}
                  onSubmit={[Function]}
                />,
              },
              "ref": null,
              "rendered": Object {
                "instance": null,
                "key": undefined,
                "nodeType": "function",
                "props": Object {
                  "email": "",
                  "name": "",
                  "onChange": [Function],
                  "onSubmit": [Function],
                },
                "ref": null,
                "rendered": null,
                "type": [Function],
              },
              "type": "div",
            },
            Object {
              "instance": null,
              "key": undefined,
              "nodeType": "host",
              "props": Object {},
              "ref": null,
              "rendered": null,
              "type": "div",
            },
          ],
          "type": "div",
        },
      ],
      "type": Symbol(react.fragment),
    },
  ],
  Symbol(enzyme.__options__): Object {
    "adapter": ReactSixteenAdapter {
      "options": Object {
        "enableComponentDidUpdateOnSetState": true,
        "lifecycles": Object {
          "componentDidUpdate": Object {
            "onSetState": true,
          },
          "getDerivedStateFromProps": true,
          "getSnapshotBeforeUpdate": true,
          "setState": Object {
            "skipsComponentDidUpdateOnNullish": true,
          },
        },
      },
    },
  },
}
`;
