// Jest Snapshot v1, https://goo.gl/fbAQLP

exports[`Should render entries should render entries  1`] = `
ShallowWrapper {
  Symbol(enzyme.__root__): [Circular],
  Symbol(enzyme.__unrendered__): <HomeLogedIn
    deleteEntryAction={[MockFunction]}
    deleted={Array []}
    entries={
      Array [
        Object {
          "date": "12/12/2018",
          "delete": [MockFunction],
          "diaryEntryBody": "Lorem ipsum dolor sit amet consectetur, adipisicing elit. Perspiciatis commodi, hic esse necessitatibus inventore illo debitis error nesciunt officia earum. Optio totam, sapiente ",
          "diaryTitle": "Title 1",
          "entry_id": 1,
        },
        Object {
          "date": "12/12/2018",
          "delete": [MockFunction],
          "diaryEntryBody": "Lorem ipsum dolor sit amet consectetur, adipisicing elit. Perspiciatis commodi, hic esse necessitatibus inventore illo debitis error nesciunt officia earum. Optio totam, sapiente ",
          "diaryTitle": "Title 2",
          "entry_id": 2,
        },
      ]
    }
    getEntriesAction={
      [MockFunction] {
        "calls": Array [
          Array [],
          Array [],
        ],
        "results": Array [
          Object {
            "isThrow": false,
            "value": undefined,
          },
          Object {
            "isThrow": false,
            "value": undefined,
          },
        ],
      }
    }
    handlesDelete={[MockFunction]}
    history={
      Object {
        "push": [MockFunction],
      }
    }
    location={
      Object {
        "pathname": "/home",
      }
    }
    match={
      Object {
        "url": "/home",
      }
    }
  />,
  Symbol(enzyme.__renderer__): Object {
    "batchedUpdates": [Function],
    "getNode": [Function],
    "render": [Function],
    "simulateError": [Function],
    "simulateEvent": [Function],
    "unmount": [Function],
  },
  Symbol(enzyme.__node__): Object {
    "instance": null,
    "key": undefined,
    "nodeType": "function",
    "props": Object {
      "children": Array [
        <Header />,
        <div>
          <div
            className="entries"
          >
            <h1>
              Diary Entries
            </h1>
            <Entry
              date="12/12/2018"
              delete={[Function]}
              diaryEntryBody="Lorem ipsum dolor sit amet consectetur, adipisicing elit. Perspiciatis commodi, hic esse necessitatibus inventore illo debitis error nesciunt officia earum. Optio totam, sapiente "
              diaryTitle="Title 1"
              edit={[Function]}
              entry_id={1}
            />
            <Entry
              date="12/12/2018"
              delete={[Function]}
              diaryEntryBody="Lorem ipsum dolor sit amet consectetur, adipisicing elit. Perspiciatis commodi, hic esse necessitatibus inventore illo debitis error nesciunt officia earum. Optio totam, sapiente "
              diaryTitle="Title 2"
              edit={[Function]}
              entry_id={2}
            />
          </div>
        </div>,
        <Footer />,
      ],
    },
    "ref": null,
    "rendered": Array [
      Object {
        "instance": null,
        "key": undefined,
        "nodeType": "function",
        "props": Object {},
        "ref": null,
        "rendered": null,
        "type": [Function],
      },
      Object {
        "instance": null,
        "key": undefined,
        "nodeType": "host",
        "props": Object {
          "children": <div
            className="entries"
          >
            <h1>
              Diary Entries
            </h1>
            <Entry
              date="12/12/2018"
              delete={[Function]}
              diaryEntryBody="Lorem ipsum dolor sit amet consectetur, adipisicing elit. Perspiciatis commodi, hic esse necessitatibus inventore illo debitis error nesciunt officia earum. Optio totam, sapiente "
              diaryTitle="Title 1"
              edit={[Function]}
              entry_id={1}
            />
            <Entry
              date="12/12/2018"
              delete={[Function]}
              diaryEntryBody="Lorem ipsum dolor sit amet consectetur, adipisicing elit. Perspiciatis commodi, hic esse necessitatibus inventore illo debitis error nesciunt officia earum. Optio totam, sapiente "
              diaryTitle="Title 2"
              edit={[Function]}
              entry_id={2}
            />
          </div>,
        },
        "ref": null,
        "rendered": Object {
          "instance": null,
          "key": undefined,
          "nodeType": "host",
          "props": Object {
            "children": Array [
              <h1>
                Diary Entries
              </h1>,
              Array [
                <Entry
                  date="12/12/2018"
                  delete={[Function]}
                  diaryEntryBody="Lorem ipsum dolor sit amet consectetur, adipisicing elit. Perspiciatis commodi, hic esse necessitatibus inventore illo debitis error nesciunt officia earum. Optio totam, sapiente "
                  diaryTitle="Title 1"
                  edit={[Function]}
                  entry_id={1}
                />,
                <Entry
                  date="12/12/2018"
                  delete={[Function]}
                  diaryEntryBody="Lorem ipsum dolor sit amet consectetur, adipisicing elit. Perspiciatis commodi, hic esse necessitatibus inventore illo debitis error nesciunt officia earum. Optio totam, sapiente "
                  diaryTitle="Title 2"
                  edit={[Function]}
                  entry_id={2}
                />,
              ],
            ],
            "className": "entries",
          },
          "ref": null,
          "rendered": Array [
            Object {
              "instance": null,
              "key": undefined,
              "nodeType": "host",
              "props": Object {
                "children": "Diary Entries",
              },
              "ref": null,
              "rendered": "Diary Entries",
              "type": "h1",
            },
            Object {
              "instance": null,
              "key": "1",
              "nodeType": "function",
              "props": Object {
                "date": "12/12/2018",
                "delete": [Function],
                "diaryEntryBody": "Lorem ipsum dolor sit amet consectetur, adipisicing elit. Perspiciatis commodi, hic esse necessitatibus inventore illo debitis error nesciunt officia earum. Optio totam, sapiente ",
                "diaryTitle": "Title 1",
                "edit": [Function],
                "entry_id": 1,
              },
              "ref": null,
              "rendered": null,
              "type": [Function],
            },
            Object {
              "instance": null,
              "key": "2",
              "nodeType": "function",
              "props": Object {
                "date": "12/12/2018",
                "delete": [Function],
                "diaryEntryBody": "Lorem ipsum dolor sit amet consectetur, adipisicing elit. Perspiciatis commodi, hic esse necessitatibus inventore illo debitis error nesciunt officia earum. Optio totam, sapiente ",
                "diaryTitle": "Title 2",
                "edit": [Function],
                "entry_id": 2,
              },
              "ref": null,
              "rendered": null,
              "type": [Function],
            },
          ],
          "type": "div",
        },
        "type": "div",
      },
      Object {
        "instance": null,
        "key": undefined,
        "nodeType": "function",
        "props": Object {},
        "ref": null,
        "rendered": null,
        "type": [Function],
      },
    ],
    "type": Symbol(react.fragment),
  },
  Symbol(enzyme.__nodes__): Array [
    Object {
      "instance": null,
      "key": undefined,
      "nodeType": "function",
      "props": Object {
        "children": Array [
          <Header />,
          <div>
            <div
              className="entries"
            >
              <h1>
                Diary Entries
              </h1>
              <Entry
                date="12/12/2018"
                delete={[Function]}
                diaryEntryBody="Lorem ipsum dolor sit amet consectetur, adipisicing elit. Perspiciatis commodi, hic esse necessitatibus inventore illo debitis error nesciunt officia earum. Optio totam, sapiente "
                diaryTitle="Title 1"
                edit={[Function]}
                entry_id={1}
              />
              <Entry
                date="12/12/2018"
                delete={[Function]}
                diaryEntryBody="Lorem ipsum dolor sit amet consectetur, adipisicing elit. Perspiciatis commodi, hic esse necessitatibus inventore illo debitis error nesciunt officia earum. Optio totam, sapiente "
                diaryTitle="Title 2"
                edit={[Function]}
                entry_id={2}
              />
            </div>
          </div>,
          <Footer />,
        ],
      },
      "ref": null,
      "rendered": Array [
        Object {
          "instance": null,
          "key": undefined,
          "nodeType": "function",
          "props": Object {},
          "ref": null,
          "rendered": null,
          "type": [Function],
        },
        Object {
          "instance": null,
          "key": undefined,
          "nodeType": "host",
          "props": Object {
            "children": <div
              className="entries"
            >
              <h1>
                Diary Entries
              </h1>
              <Entry
                date="12/12/2018"
                delete={[Function]}
                diaryEntryBody="Lorem ipsum dolor sit amet consectetur, adipisicing elit. Perspiciatis commodi, hic esse necessitatibus inventore illo debitis error nesciunt officia earum. Optio totam, sapiente "
                diaryTitle="Title 1"
                edit={[Function]}
                entry_id={1}
              />
              <Entry
                date="12/12/2018"
                delete={[Function]}
                diaryEntryBody="Lorem ipsum dolor sit amet consectetur, adipisicing elit. Perspiciatis commodi, hic esse necessitatibus inventore illo debitis error nesciunt officia earum. Optio totam, sapiente "
                diaryTitle="Title 2"
                edit={[Function]}
                entry_id={2}
              />
            </div>,
          },
          "ref": null,
          "rendered": Object {
            "instance": null,
            "key": undefined,
            "nodeType": "host",
            "props": Object {
              "children": Array [
                <h1>
                  Diary Entries
                </h1>,
                Array [
                  <Entry
                    date="12/12/2018"
                    delete={[Function]}
                    diaryEntryBody="Lorem ipsum dolor sit amet consectetur, adipisicing elit. Perspiciatis commodi, hic esse necessitatibus inventore illo debitis error nesciunt officia earum. Optio totam, sapiente "
                    diaryTitle="Title 1"
                    edit={[Function]}
                    entry_id={1}
                  />,
                  <Entry
                    date="12/12/2018"
                    delete={[Function]}
                    diaryEntryBody="Lorem ipsum dolor sit amet consectetur, adipisicing elit. Perspiciatis commodi, hic esse necessitatibus inventore illo debitis error nesciunt officia earum. Optio totam, sapiente "
                    diaryTitle="Title 2"
                    edit={[Function]}
                    entry_id={2}
                  />,
                ],
              ],
              "className": "entries",
            },
            "ref": null,
            "rendered": Array [
              Object {
                "instance": null,
                "key": undefined,
                "nodeType": "host",
                "props": Object {
                  "children": "Diary Entries",
                },
                "ref": null,
                "rendered": "Diary Entries",
                "type": "h1",
              },
              Object {
                "instance": null,
                "key": "1",
                "nodeType": "function",
                "props": Object {
                  "date": "12/12/2018",
                  "delete": [Function],
                  "diaryEntryBody": "Lorem ipsum dolor sit amet consectetur, adipisicing elit. Perspiciatis commodi, hic esse necessitatibus inventore illo debitis error nesciunt officia earum. Optio totam, sapiente ",
                  "diaryTitle": "Title 1",
                  "edit": [Function],
                  "entry_id": 1,
                },
                "ref": null,
                "rendered": null,
                "type": [Function],
              },
              Object {
                "instance": null,
                "key": "2",
                "nodeType": "function",
                "props": Object {
                  "date": "12/12/2018",
                  "delete": [Function],
                  "diaryEntryBody": "Lorem ipsum dolor sit amet consectetur, adipisicing elit. Perspiciatis commodi, hic esse necessitatibus inventore illo debitis error nesciunt officia earum. Optio totam, sapiente ",
                  "diaryTitle": "Title 2",
                  "edit": [Function],
                  "entry_id": 2,
                },
                "ref": null,
                "rendered": null,
                "type": [Function],
              },
            ],
            "type": "div",
          },
          "type": "div",
        },
        Object {
          "instance": null,
          "key": undefined,
          "nodeType": "function",
          "props": Object {},
          "ref": null,
          "rendered": null,
          "type": [Function],
        },
      ],
      "type": Symbol(react.fragment),
    },
  ],
  Symbol(enzyme.__options__): Object {
    "adapter": ReactSixteenAdapter {
      "options": Object {
        "enableComponentDidUpdateOnSetState": true,
        "lifecycles": Object {
          "componentDidUpdate": Object {
            "onSetState": true,
          },
          "getDerivedStateFromProps": true,
          "getSnapshotBeforeUpdate": true,
          "setState": Object {
            "skipsComponentDidUpdateOnNullish": true,
          },
        },
      },
    },
  },
}
`;
